{
	"KPIs": {
		"Heizbedarf": {
			"Value": 56.2189371637002,
			"Tolerance": "5%",
			"Unit": "[kWh/m^2NRF*a]"
		},
		"Kuehlbedarf": {
			"Value": 16.6115315739942,
			"Tolerance": "5%",
			"Unit": "[kWh/m^2NRF*a]"
		},
		"Nutzerstrom_Licht": {
			"Value": 8.34098000000059,
			"Tolerance": "5%",
			"Unit": "[kWh/m^2NRF*a]"
		},
		"Nutzerstrom_Elektrische_Geraete": {
			"Value": 10.7128933083766,
			"Tolerance": "5%",
			"Unit": "[kWh/m^2NRF*a]"
		},
		"Pumpenstrom": {
			"Value": 0.151160631878583,
			"Tolerance": "5%",
			"Unit": "[kWh/m^2NRF*a]"
		},
		"Lueftungsstrom": {
			"Value": 2.37250000000085,
			"Tolerance": "5%",
			"Unit": "[kWh/m^2NRF*a]"
		},
		"Solare_Gewinne": {
			"Value": 52.3301165332363,
			"Tolerance": "5%",
			"Unit": "[kWh/m^2NRF*a]"
		},
		"Interne_Lasten": {
			"Value": 38.6454949299958,
			"Tolerance": "5%",
			"Unit": "[kWh/m^2NRF*a]"
		},
		"Transmission_Verluste": {
			"Value": -110.06410357091,
			"Tolerance": "5%",
			"Unit": "[kWh/m^2NRF*a]"
		},
		"Transmission_Gewinne": {
			"Value": 24.6893414626343,
			"Tolerance": "5%",
			"Unit": "[kWh/m^2NRF*a]"
		},
		"Infiltration": {
			"Value": -4.57335056782816,
			"Tolerance": "5%",
			"Unit": "[kWh/m^2NRF*a]"
		},
		"Fensterlueftung": {
			"Value": -2.91723289186835,
			"Tolerance": "5%",
			"Unit": "[kWh/m^2NRF*a]"
		},
		"Mechanische_Lueftung_Verluste": {
			"Value": -51.7570788606772,
			"Tolerance": "5%",
			"Unit": "[kWh/m^2NRF*a]"
		},
		"Mechanische_Lueftung_Gewinne": {
			"Value": 8.74095681050987,
			"Tolerance": "5%",
			"Unit": "[kWh/m^2NRF*a]"
		},
		"Unmet_Solltemperatur_Heizung": {
			"Value": 0,
			"Tolerance": "3",
			"Unit": "[h/a]"
		},
		"Unmet_Solltemperatur_Kuehlung": {
			"Value": 9.5,
			"Tolerance": "3",
			"Unit": "[h/a]"
		},
		"Photovoltaik_Ertrag ": {
			"Value": 0,
			"Tolerance": "5%",
			"Unit": "[kWh/m^2PV*a]"
		},
		"Photovoltaik_Peakleistung": {
			"Value": 0,
			"Tolerance": "5%",
			"Unit": "[kWh/kWp*a]"
		},
		"Heizung_Autosizing_EnergyPlus": {
			"Value": 73.7966124492234,
			"Tolerance": "5%",
			"Unit": "[W/m^2NRF]"
		},
		"Heizung_Profil_Max_Wert": {
			"Value": 42.8067738531708,
			"Tolerance": "5%",
			"Unit": "[W/m^2NRF]"
		},
		"Kuehlung_Autosizing_EnergyPlus": {
			"Value": 30.8224015591398,
			"Tolerance": "5%",
			"Unit": "[W/m^2NRF]"
		},
		"Kuehlung_Profil_Max_Wert": {
			"Value": 30.8224015516649,
			"Tolerance": "5%",
			"Unit": "[W/m^2NRF]"
		}
	},
	"Profiles": {
		"Heizenergie": {
			"Sum_yearly": 56218.9371637,
			"Max_yearly": 10.7016934632927,
			"Min_yearly": 0,
			"Mean_yearly": 1.60442172270833,
			"Sum_monthly": {
				"January": 13603.1397223223,
				"February": 11257.2442821595,
				"March": 5613.80451839376,
				"April": 1272.67145592056,
				"May": 0.541347826724081,
				"June": 0,
				"July": 0,
				"August": 0,
				"September": 17.0599162314442,
				"October": 1784.52209575738,
				"November": 8945.27093746191,
				"December": 13724.6828876264,
				"_note": "each month has 730 hours!"
			},
			"Tolerance": "5%",
			"Unit": "[Wh/m^2NRF]"
		},
		"Kuehlenergie": {
			"Sum_yearly": 16611.5315739942,
			"Max_yearly": 7.70560038791622,
			"Min_yearly": 0,
			"Mean_yearly": 0.474073389668785,
			"Sum_monthly": {
				"January": 0,
				"February": 0,
				"March": 24.3153397310774,
				"April": 40.8807167770193,
				"May": 1110.9007990997,
				"June": 3807.17079176427,
				"July": 4608.53626683799,
				"August": 5606.49844915535,
				"September": 1361.00518140544,
				"October": 52.2240292234025,
				"November": 0,
				"December": 0,
				"_note": "each month has 730 hours!"
			},
			"Tolerance": "5%",
			"Unit": "[Wh/m^2NRF]"
		},
		"Beleuchtung": {
			"Sum_yearly": 8340.97999999813,
			"Max_yearly": 0.724999999999998,
			"Min_yearly": 0.048575,
			"Mean_yearly": 0.238041666666613,
			"Sum_monthly": {
				"January": 691.281700000014,
				"February": 696.205900000013,
				"March": 694.506500000013,
				"April": 691.142500000013,
				"May": 700.756000000014,
				"June": 691.583300000014,
				"July": 700.422500000013,
				"August": 692.015400000014,
				"September": 691.786300000013,
				"October": 698.085100000014,
				"November": 691.884900000013,
				"December": 701.309900000013,
				"_note": "each month has 730 hours!"
			},
			"Tolerance": "5%",
			"Unit": "[Wh/m^2NRF]"
		},
		"Elektrische_Geraete": {
			"Sum_yearly": 10712.8933083762,
			"Max_yearly": 0.55,
			"Min_yearly": 0.119677117454375,
			"Mean_yearly": 0.305733256517585,
			"Sum_monthly": {
				"January": 888.873350491344,
				"February": 894.024613944784,
				"March": 891.686920917173,
				"April": 893.837248479178,
				"May": 892.653860552178,
				"June": 892.477047262518,
				"July": 894.690173139917,
				"August": 888.1614646701,
				"September": 896.995180159102,
				"October": 890.679831539543,
				"November": 892.23563406645,
				"December": 896.577983153955,
				"_note": "each month has 730 hours!"
			},
			"Tolerance": "5%",
			"Unit": "[Wh/m^2NRF]"
		},
		"Lueftungsstrom": {
			"Sum_yearly": 2372.49999999981,
			"Max_yearly": 0.0677083333333333,
			"Min_yearly": 0.0677083333333332,
			"Mean_yearly": 0.0677083333333279,
			"Sum_monthly": {
				"January": 197.708333333339,
				"February": 197.708333333339,
				"March": 197.708333333339,
				"April": 197.708333333339,
				"May": 197.708333333339,
				"June": 197.708333333339,
				"July": 197.708333333339,
				"August": 197.708333333339,
				"September": 197.708333333339,
				"October": 197.708333333339,
				"November": 197.708333333339,
				"December": 197.708333333339,
				"_note": "each month has 730 hours!"
			},
			"Tolerance": "5%",
			"Unit": "[Wh/m^2NRF]"
		},
		"Pumpenstrom": {
			"Sum_yearly": 151.160631878583,
			"Max_yearly": 0.093802561516971,
			"Min_yearly": 0,
			"Mean_yearly": 0.00431394497370384,
			"Sum_monthly": {
				"January": 13.9519786968259,
				"February": 11.5247128860944,
				"March": 5.69767375063907,
				"April": 1.44487447383245,
				"May": 6.10724903932204,
				"June": 21.0453286077019,
				"July": 26.8373145706733,
				"August": 31.2800280117051,
				"September": 8.28222889536622,
				"October": 2.00583237317373,
				"November": 8.96283214246646,
				"December": 14.020578430783,
				"_note": "each month has 730 hours!"
			},
			"Tolerance": "5%",
			"Unit": "[Wh/m^2NRF]"
		},
		"PV_Ertrag ": {
			"Sum_yearly": 0,
			"Max_yearly": 0,
			"Min_yearly": 0,
			"Mean_yearly": 0,
			"Sum_monthly": {
				"January": 0,
				"February": 0,
				"March": 0,
				"April": 0,
				"May": 0,
				"June": 0,
				"July": 0,
				"August": 0,
				"September": 0,
				"October": 0,
				"November": 0,
				"December": 0,
				"_note": "each month has 730 hours!"
			},
			"Tolerance": "5%",
			"Unit": "[Wh/m^2PV]"
		}
	}
}